<?xml version="1.0" encoding="utf-8"?>
<testsuites>
    <testsuite name="pytest" errors="0" failures="0" skipped="0" tests="5" time="10.498"
               timestamp="2024-04-28T13:01:14.592513" hostname="AVIROM-PC">
        <testcase classname="test.test_add_group" name="test_add_group[None:; ; ]" time="6.380"/>
        <testcase classname="test.test_add_group" name="test_add_group[None:nameI)qiC}ID; header]:eaI58; footerH&lt;:h]"
                  time="0.917"/>
        <testcase classname="test.test_add_group" name="test_add_group[None:name_=; headerp; footerwX0m]" time="0.977"/>
        <testcase classname="test.test_add_group" name="test_add_group[None:name86; header84Ng; footer#]" time="0.953"/>
        <testcase classname="test.test_del_group" name="test_delete_some_group" time="1.227"/>
    </testsuite>
</testsuites>